2020-01-06 18:34:30,963 - packtPublishingFreeEbook - [ERROR] - Exception occurred No section: 'ANTICAPTCHA_DATA'
2020-01-06 19:24:30,627 - utils.anticaptcha - [INFO] - Started solving ReCAPTCHA for https://www.packtpub.com/ website...
2020-01-06 19:24:32,196 - packtPublishingFreeEbook - [ERROR] - Exception occurred Error ERROR_KEY_DOES_NOT_EXIST occured: Account authorization key not found in the system
2020-01-06 19:25:43,915 - utils.anticaptcha - [INFO] - Started solving ReCAPTCHA for https://www.packtpub.com/ website...
2020-01-06 19:25:45,002 - packtPublishingFreeEbook - [ERROR] - Exception occurred Error ERROR_ZERO_BALANCE occured: Account has zero or negative balance
2020-01-06 19:37:21,579 - utils.anticaptcha - [INFO] - Started solving ReCAPTCHA for https://www.packtpub.com/ website...
2020-01-06 19:37:23,041 - utils.anticaptcha - [INFO] - Waiting for completion of the 895853847 task...
2020-01-06 19:38:29,532 - utils.anticaptcha - [SUCCESS] - Solution found for 895853847 task.
2020-01-06 19:38:31,851 - api - [INFO] - JWT token has been fetched successfully!
2020-01-06 19:38:31,851 - claimer - [INFO] - Getting your books data...
2020-01-06 19:38:33,154 - claimer - [INFO] - Books data has been successfully fetched.
2020-01-06 19:38:33,981 - downloader - [INFO] - Title: "Learning IPython for Interactive Computing and Data Visualization"
2020-01-06 19:38:33,982 - downloader - [INFO] - Downloading code for ebook: "Learning IPython for Interactive Computing and Data Visualization"...
2020-01-06 19:38:37,256 - downloader - [SUCCESS] - Code for ebook "Learning IPython for Interactive Computing and Data Visualization" downloaded successfully!
2020-01-06 19:38:37,256 - downloader - [INFO] - Title: "Learning IPython for Interactive Computing and Data Visualization"
2020-01-06 19:38:37,257 - downloader - [INFO] - Downloading ebook: "Learning IPython for Interactive Computing and Data Visualization" in epub format...
2020-01-06 19:38:41,480 - downloader - [SUCCESS] - Ebook "Learning IPython for Interactive Computing and Data Visualization" in epub format downloaded successfully!
2020-01-06 19:38:41,483 - downloader - [INFO] - Title: "Learning IPython for Interactive Computing and Data Visualization"
2020-01-06 19:38:41,484 - downloader - [INFO] - Downloading ebook: "Learning IPython for Interactive Computing and Data Visualization" in mobi format...
2020-01-06 19:38:46,519 - downloader - [SUCCESS] - Ebook "Learning IPython for Interactive Computing and Data Visualization" in mobi format downloaded successfully!
2020-01-06 19:38:46,531 - downloader - [INFO] - Title: "Learning IPython for Interactive Computing and Data Visualization"
2020-01-06 19:38:46,531 - downloader - [INFO] - Downloading ebook: "Learning IPython for Interactive Computing and Data Visualization" in pdf format...
2020-01-06 19:38:50,509 - downloader - [SUCCESS] - Ebook "Learning IPython for Interactive Computing and Data Visualization" in pdf format downloaded successfully!
2020-01-06 19:38:51,335 - downloader - [INFO] - Title: "Building Machine Learning Systems with Python"
2020-01-06 19:38:51,336 - downloader - [INFO] - Downloading code for ebook: "Building Machine Learning Systems with Python"...
2020-01-06 19:40:25,918 - downloader - [SUCCESS] - Code for ebook "Building Machine Learning Systems with Python" downloaded successfully!
2020-01-06 19:40:25,920 - downloader - [INFO] - Title: "Building Machine Learning Systems with Python"
2020-01-06 19:40:25,921 - downloader - [INFO] - Downloading ebook: "Building Machine Learning Systems with Python" in epub format...
2020-01-06 19:40:35,642 - downloader - [SUCCESS] - Ebook "Building Machine Learning Systems with Python" in epub format downloaded successfully!
2020-01-06 19:40:35,646 - downloader - [INFO] - Title: "Building Machine Learning Systems with Python"
2020-01-06 19:40:35,646 - downloader - [INFO] - Downloading ebook: "Building Machine Learning Systems with Python" in mobi format...
2020-01-06 19:40:48,662 - downloader - [SUCCESS] - Ebook "Building Machine Learning Systems with Python" in mobi format downloaded successfully!
2020-01-06 19:40:48,662 - downloader - [INFO] - Title: "Building Machine Learning Systems with Python"
2020-01-06 19:40:48,665 - downloader - [INFO] - Downloading ebook: "Building Machine Learning Systems with Python" in pdf format...
2020-01-06 19:40:55,733 - downloader - [SUCCESS] - Ebook "Building Machine Learning Systems with Python" in pdf format downloaded successfully!
2020-01-06 19:40:55,733 - downloader - [INFO] - 8 ebooks have been downloaded!
2020-01-06 19:40:55,733 - packtPublishingFreeEbook - [SUCCESS] - Good, looks like all went well! :-)
